Archive member included to satisfy reference by file (symbol)

/Applications/STM32CubeIDE.app/Contents/Eclipse/plugins/com.st.stm32cube.ide.mcu.externaltools.gnu-tools-for-stm32.9-2020-q2-update.macos64_1.5.0.202011040924/tools/bin/../lib/gcc/arm-none-eabi/9.3.1/../../../../arm-none-eabi/lib/thumb/v7e-m+fp/hard/libc_nano.a(lib_a-errno.o)
                              Core/Src/syscalls.o (__errno)
/Applications/STM32CubeIDE.app/Contents/Eclipse/plugins/com.st.stm32cube.ide.mcu.externaltools.gnu-tools-for-stm32.9-2020-q2-update.macos64_1.5.0.202011040924/tools/bin/../lib/gcc/arm-none-eabi/9.3.1/../../../../arm-none-eabi/lib/thumb/v7e-m+fp/hard/libc_nano.a(lib_a-exit.o)
                              /Applications/STM32CubeIDE.app/Contents/Eclipse/plugins/com.st.stm32cube.ide.mcu.externaltools.gnu-tools-for-stm32.9-2020-q2-update.macos64_1.5.0.202011040924/tools/bin/../lib/gcc/arm-none-eabi/9.3.1/../../../../arm-none-eabi/lib/thumb/v7e-m+fp/hard/crt0.o (exit)
/Applications/STM32CubeIDE.app/Contents/Eclipse/plugins/com.st.stm32cube.ide.mcu.externaltools.gnu-tools-for-stm32.9-2020-q2-update.macos64_1.5.0.202011040924/tools/bin/../lib/gcc/arm-none-eabi/9.3.1/../../../../arm-none-eabi/lib/thumb/v7e-m+fp/hard/libc_nano.a(lib_a-impure.o)
                              /Applications/STM32CubeIDE.app/Contents/Eclipse/plugins/com.st.stm32cube.ide.mcu.externaltools.gnu-tools-for-stm32.9-2020-q2-update.macos64_1.5.0.202011040924/tools/bin/../lib/gcc/arm-none-eabi/9.3.1/../../../../arm-none-eabi/lib/thumb/v7e-m+fp/hard/libc_nano.a(lib_a-exit.o) (_global_impure_ptr)
/Applications/STM32CubeIDE.app/Contents/Eclipse/plugins/com.st.stm32cube.ide.mcu.externaltools.gnu-tools-for-stm32.9-2020-q2-update.macos64_1.5.0.202011040924/tools/bin/../lib/gcc/arm-none-eabi/9.3.1/../../../../arm-none-eabi/lib/thumb/v7e-m+fp/hard/libc_nano.a(lib_a-init.o)
                              /Applications/STM32CubeIDE.app/Contents/Eclipse/plugins/com.st.stm32cube.ide.mcu.externaltools.gnu-tools-for-stm32.9-2020-q2-update.macos64_1.5.0.202011040924/tools/bin/../lib/gcc/arm-none-eabi/9.3.1/../../../../arm-none-eabi/lib/thumb/v7e-m+fp/hard/crt0.o (__libc_init_array)
/Applications/STM32CubeIDE.app/Contents/Eclipse/plugins/com.st.stm32cube.ide.mcu.externaltools.gnu-tools-for-stm32.9-2020-q2-update.macos64_1.5.0.202011040924/tools/bin/../lib/gcc/arm-none-eabi/9.3.1/../../../../arm-none-eabi/lib/thumb/v7e-m+fp/hard/libc_nano.a(lib_a-memset.o)
                              /Applications/STM32CubeIDE.app/Contents/Eclipse/plugins/com.st.stm32cube.ide.mcu.externaltools.gnu-tools-for-stm32.9-2020-q2-update.macos64_1.5.0.202011040924/tools/bin/../lib/gcc/arm-none-eabi/9.3.1/../../../../arm-none-eabi/lib/thumb/v7e-m+fp/hard/crt0.o (memset)

Allocating common symbols
Common symbol       size              file

uwTick              0x4               Drivers/STM32F3xx_HAL_Driver/Src/stm32f3xx_hal.o
pFlash              0x20              Drivers/STM32F3xx_HAL_Driver/Src/stm32f3xx_hal_flash.o

Discarded input sections

 .text          0x0000000000000000        0x0 /Applications/STM32CubeIDE.app/Contents/Eclipse/plugins/com.st.stm32cube.ide.mcu.externaltools.gnu-tools-for-stm32.9-2020-q2-update.macos64_1.5.0.202011040924/tools/bin/../lib/gcc/arm-none-eabi/9.3.1/thumb/v7e-m+fp/hard/crti.o
 .data          0x0000000000000000        0x0 /Applications/STM32CubeIDE.app/Contents/Eclipse/plugins/com.st.stm32cube.ide.mcu.externaltools.gnu-tools-for-stm32.9-2020-q2-update.macos64_1.5.0.202011040924/tools/bin/../lib/gcc/arm-none-eabi/9.3.1/thumb/v7e-m+fp/hard/crti.o
 .bss           0x0000000000000000        0x0 /Applications/STM32CubeIDE.app/Contents/Eclipse/plugins/com.st.stm32cube.ide.mcu.externaltools.gnu-tools-for-stm32.9-2020-q2-update.macos64_1.5.0.202011040924/tools/bin/../lib/gcc/arm-none-eabi/9.3.1/thumb/v7e-m+fp/hard/crti.o
 .data          0x0000000000000000        0x4 /Applications/STM32CubeIDE.app/Contents/Eclipse/plugins/com.st.stm32cube.ide.mcu.externaltools.gnu-tools-for-stm32.9-2020-q2-update.macos64_1.5.0.202011040924/tools/bin/../lib/gcc/arm-none-eabi/9.3.1/thumb/v7e-m+fp/hard/crtbegin.o
 .text          0x0000000000000000       0x7c /Applications/STM32CubeIDE.app/Contents/Eclipse/plugins/com.st.stm32cube.ide.mcu.externaltools.gnu-tools-for-stm32.9-2020-q2-update.macos64_1.5.0.202011040924/tools/bin/../lib/gcc/arm-none-eabi/9.3.1/../../../../arm-none-eabi/lib/thumb/v7e-m+fp/hard/crt0.o
 .data          0x0000000000000000        0x0 /Applications/STM32CubeIDE.app/Contents/Eclipse/plugins/com.st.stm32cube.ide.mcu.externaltools.gnu-tools-for-stm32.9-2020-q2-update.macos64_1.5.0.202011040924/tools/bin/../lib/gcc/arm-none-eabi/9.3.1/../../../../arm-none-eabi/lib/thumb/v7e-m+fp/hard/crt0.o
[...]
Memory Configuration

Name             Origin             Length             Attributes
CCMRAM           0x0000000010000000 0x0000000000004000 xrw
RAM              0x0000000020000000 0x0000000000010000 xrw
FLASH            0x0000000008000000 0x0000000000080000 xr
*default*        0x0000000000000000 0xffffffffffffffff

Linker script and memory map

LOAD /Applications/STM32CubeIDE.app/Contents/Eclipse/plugins/com.st.stm32cube.ide.mcu.externaltools.gnu-tools-for-stm32.9-2020-q2-update.macos64_1.5.0.202011040924/tools/bin/../lib/gcc/arm-none-eabi/9.3.1/thumb/v7e-m+fp/hard/crti.o
LOAD /Applications/STM32CubeIDE.app/Contents/Eclipse/plugins/com.st.stm32cube.ide.mcu.externaltools.gnu-tools-for-stm32.9-2020-q2-update.macos64_1.5.0.202011040924/tools/bin/../lib/gcc/arm-none-eabi/9.3.1/thumb/v7e-m+fp/hard/crtbegin.o
LOAD /Applications/STM32CubeIDE.app/Contents/Eclipse/plugins/com.st.stm32cube.ide.mcu.externaltools.gnu-tools-for-stm32.9-2020-q2-update.macos64_1.5.0.202011040924/tools/bin/../lib/gcc/arm-none-eabi/9.3.1/../../../../arm-none-eabi/lib/thumb/v7e-m+fp/hard/crt0.o
LOAD Core/Src/main.o
LOAD Core/Src/stm32f3xx_hal_msp.o
LOAD Core/Src/stm32f3xx_it.o
LOAD Core/Src/syscalls.o
LOAD Core/Src/sysmem.o
LOAD Core/Src/system_stm32f3xx.o
LOAD Core/Startup/startup_stm32f303retx.o
LOAD Drivers/STM32F3xx_HAL_Driver/Src/stm32f3xx_hal.o
LOAD Drivers/STM32F3xx_HAL_Driver/Src/stm32f3xx_hal_cortex.o
LOAD Drivers/STM32F3xx_HAL_Driver/Src/stm32f3xx_hal_dma.o
LOAD Drivers/STM32F3xx_HAL_Driver/Src/stm32f3xx_hal_exti.o
LOAD Drivers/STM32F3xx_HAL_Driver/Src/stm32f3xx_hal_flash.o
LOAD Drivers/STM32F3xx_HAL_Driver/Src/stm32f3xx_hal_flash_ex.o
LOAD Drivers/STM32F3xx_HAL_Driver/Src/stm32f3xx_hal_gpio.o
LOAD Drivers/STM32F3xx_HAL_Driver/Src/stm32f3xx_hal_i2c.o
LOAD Drivers/STM32F3xx_HAL_Driver/Src/stm32f3xx_hal_i2c_ex.o
LOAD Drivers/STM32F3xx_HAL_Driver/Src/stm32f3xx_hal_pwr.o
LOAD Drivers/STM32F3xx_HAL_Driver/Src/stm32f3xx_hal_pwr_ex.o
LOAD Drivers/STM32F3xx_HAL_Driver/Src/stm32f3xx_hal_rcc.o
LOAD Drivers/STM32F3xx_HAL_Driver/Src/stm32f3xx_hal_rcc_ex.o
LOAD Drivers/STM32F3xx_HAL_Driver/Src/stm32f3xx_hal_tim.o
LOAD Drivers/STM32F3xx_HAL_Driver/Src/stm32f3xx_hal_tim_ex.o
START GROUP
LOAD /Applications/STM32CubeIDE.app/Contents/Eclipse/plugins/com.st.stm32cube.ide.mcu.externaltools.gnu-tools-for-stm32.9-2020-q2-update.macos64_1.5.0.202011040924/tools/bin/../lib/gcc/arm-none-eabi/9.3.1/../../../../arm-none-eabi/lib/thumb/v7e-m+fp/hard/libc_nano.a
LOAD /Applications/STM32CubeIDE.app/Contents/Eclipse/plugins/com.st.stm32cube.ide.mcu.externaltools.gnu-tools-for-stm32.9-2020-q2-update.macos64_1.5.0.202011040924/tools/bin/../lib/gcc/arm-none-eabi/9.3.1/../../../../arm-none-eabi/lib/thumb/v7e-m+fp/hard/libm.a
END GROUP
START GROUP
LOAD /Applications/STM32CubeIDE.app/Contents/Eclipse/plugins/com.st.stm32cube.ide.mcu.externaltools.gnu-tools-for-stm32.9-2020-q2-update.macos64_1.5.0.202011040924/tools/bin/../lib/gcc/arm-none-eabi/9.3.1/thumb/v7e-m+fp/hard/libgcc.a
LOAD /Applications/STM32CubeIDE.app/Contents/Eclipse/plugins/com.st.stm32cube.ide.mcu.externaltools.gnu-tools-for-stm32.9-2020-q2-update.macos64_1.5.0.202011040924/tools/bin/../lib/gcc/arm-none-eabi/9.3.1/../../../../arm-none-eabi/lib/thumb/v7e-m+fp/hard/libc_nano.a
END GROUP
START GROUP
LOAD /Applications/STM32CubeIDE.app/Contents/Eclipse/plugins/com.st.stm32cube.ide.mcu.externaltools.gnu-tools-for-stm32.9-2020-q2-update.macos64_1.5.0.202011040924/tools/bin/../lib/gcc/arm-none-eabi/9.3.1/thumb/v7e-m+fp/hard/libgcc.a
LOAD /Applications/STM32CubeIDE.app/Contents/Eclipse/plugins/com.st.stm32cube.ide.mcu.externaltools.gnu-tools-for-stm32.9-2020-q2-update.macos64_1.5.0.202011040924/tools/bin/../lib/gcc/arm-none-eabi/9.3.1/../../../../arm-none-eabi/lib/thumb/v7e-m+fp/hard/libc_nano.a
LOAD /Applications/STM32CubeIDE.app/Contents/Eclipse/plugins/com.st.stm32cube.ide.mcu.externaltools.gnu-tools-for-stm32.9-2020-q2-update.macos64_1.5.0.202011040924/tools/bin/../lib/gcc/arm-none-eabi/9.3.1/../../../../arm-none-eabi/lib/thumb/v7e-m+fp/hard/libnosys.a
END GROUP
START GROUP
LOAD /Applications/STM32CubeIDE.app/Contents/Eclipse/plugins/com.st.stm32cube.ide.mcu.externaltools.gnu-tools-for-stm32.9-2020-q2-update.macos64_1.5.0.202011040924/tools/bin/../lib/gcc/arm-none-eabi/9.3.1/thumb/v7e-m+fp/hard/libgcc.a
LOAD /Applications/STM32CubeIDE.app/Contents/Eclipse/plugins/com.st.stm32cube.ide.mcu.externaltools.gnu-tools-for-stm32.9-2020-q2-update.macos64_1.5.0.202011040924/tools/bin/../lib/gcc/arm-none-eabi/9.3.1/../../../../arm-none-eabi/lib/thumb/v7e-m+fp/hard/libc_nano.a
LOAD /Applications/STM32CubeIDE.app/Contents/Eclipse/plugins/com.st.stm32cube.ide.mcu.externaltools.gnu-tools-for-stm32.9-2020-q2-update.macos64_1.5.0.202011040924/tools/bin/../lib/gcc/arm-none-eabi/9.3.1/../../../../arm-none-eabi/lib/thumb/v7e-m+fp/hard/libnosys.a
END GROUP
LOAD /Applications/STM32CubeIDE.app/Contents/Eclipse/plugins/com.st.stm32cube.ide.mcu.externaltools.gnu-tools-for-stm32.9-2020-q2-update.macos64_1.5.0.202011040924/tools/bin/../lib/gcc/arm-none-eabi/9.3.1/thumb/v7e-m+fp/hard/crtend.o
LOAD /Applications/STM32CubeIDE.app/Contents/Eclipse/plugins/com.st.stm32cube.ide.mcu.externaltools.gnu-tools-for-stm32.9-2020-q2-update.macos64_1.5.0.202011040924/tools/bin/../lib/gcc/arm-none-eabi/9.3.1/thumb/v7e-m+fp/hard/crtn.o
                0x0000000020010000                _estack = (ORIGIN (RAM) + LENGTH (RAM))
                0x0000000000000200                _Min_Heap_Size = 0x200
                0x0000000000000400                _Min_Stack_Size = 0x400

.isr_vector     0x0000000008000000      0x194
                0x0000000008000000                . = ALIGN (0x4)
 *(.isr_vector)
 .isr_vector    0x0000000008000000      0x194 Core/Startup/startup_stm32f303retx.o
                0x0000000008000000                g_pfnVectors
                0x0000000008000194                . = ALIGN (0x4)

.text           0x0000000008000194     0x2dd8
                0x0000000008000194                . = ALIGN (0x4)
 *(.text)
 .text          0x0000000008000194       0x40 /Applications/STM32CubeIDE.app/Contents/Eclipse/plugins/com.st.stm32cube.ide.mcu.externaltools.gnu-tools-for-stm32.9-2020-q2-update.macos64_1.5.0.202011040924/tools/bin/../lib/gcc/arm-none-eabi/9.3.1/thumb/v7e-m+fp/hard/crtbegin.o
 *(.text*)
 .text.main     0x00000000080001d4      0xbdc Core/Src/main.o
                0x00000000080001d4                main
 .text.SystemClock_Config
                0x0000000008000db0       0x8e Core/Src/main.o
                0x0000000008000db0                SystemClock_Config
 *fill*         0x0000000008000e3e        0x2 
 .text.MX_GPIO_Init
                0x0000000008000e40      0x144 Core/Src/main.o
 .text.delay_us
                0x0000000008000f84       0x26 Core/Src/main.o
                0x0000000008000f84                delay_us
 .text.InitLCD  0x0000000008000faa       0x5c Core/Src/main.o
                0x0000000008000faa                InitLCD
 *fill*         0x0000000008001006        0x2 
 .text.lcd_init_write
                0x0000000008001008       0x44 Core/Src/main.o
                0x0000000008001008                lcd_init_write
 .text.epulse   0x000000000800104c       0x28 Core/Src/main.o
                0x000000000800104c                epulse
 .text.lcd_cmd  0x0000000008001074       0x60 Core/Src/main.o
                0x0000000008001074                lcd_cmd
 .text.lcd_write_data
                0x00000000080010d4       0x5c Core/Src/main.o
                0x00000000080010d4                lcd_write_data
 .text.lcd_data
                0x0000000008001130       0x54 Core/Src/main.o
                0x0000000008001130                lcd_data
 .text.keypad_scanner
                0x0000000008001184      0x2b8 Core/Src/main.o
                0x0000000008001184                keypad_scanner
 .text.Flash_Erase
                0x000000000800143c       0x6c Core/Src/main.o
                0x000000000800143c                Flash_Erase
 .text.Flash_Write
                0x00000000080014a8       0x58 Core/Src/main.o
                0x00000000080014a8                Flash_Write
 .text.Flash_Read
                0x0000000008001500       0x1c Core/Src/main.o
                0x0000000008001500                Flash_Read
 .text.Error_Handler
                0x000000000800151c        0xa Core/Src/main.o
                0x000000000800151c                Error_Handler
 *fill*         0x0000000008001526        0x2 
 .text.HAL_MspInit
                0x0000000008001528       0x48 Core/Src/stm32f3xx_hal_msp.o
                0x0000000008001528                HAL_MspInit
 .text.NMI_Handler
                0x0000000008001570        0xa Core/Src/stm32f3xx_it.o
                0x0000000008001570                NMI_Handler
 .text.HardFault_Handler
                0x000000000800157a        0x6 Core/Src/stm32f3xx_it.o
                0x000000000800157a                HardFault_Handler
 .text.MemManage_Handler
                0x0000000008001580        0x6 Core/Src/stm32f3xx_it.o
                0x0000000008001580                MemManage_Handler
 .text.BusFault_Handler
                0x0000000008001586        0x6 Core/Src/stm32f3xx_it.o
                0x0000000008001586                BusFault_Handler
 .text.UsageFault_Handler
                0x000000000800158c        0x6 Core/Src/stm32f3xx_it.o
                0x000000000800158c                UsageFault_Handler
 .text.SVC_Handler
                0x0000000008001592        0xe Core/Src/stm32f3xx_it.o
                0x0000000008001592                SVC_Handler
 .text.DebugMon_Handler
                0x00000000080015a0        0xe Core/Src/stm32f3xx_it.o
                0x00000000080015a0                DebugMon_Handler
 .text.PendSV_Handler
                0x00000000080015ae        0xe Core/Src/stm32f3xx_it.o
                0x00000000080015ae                PendSV_Handler
 .text.SysTick_Handler
                0x00000000080015bc        0xc Core/Src/stm32f3xx_it.o
                0x00000000080015bc                SysTick_Handler
 .text.SystemInit
                0x00000000080015c8       0x24 Core/Src/system_stm32f3xx.o
                0x00000000080015c8                SystemInit
 .text.Reset_Handler
                0x00000000080015ec       0x50 Core/Startup/startup_stm32f303retx.o
                0x00000000080015ec                Reset_Handler
 .text.Default_Handler
                0x000000000800163c        0x2 Core/Startup/startup_stm32f303retx.o
                0x000000000800163c                TIM1_BRK_TIM15_IRQHandler
                0x000000000800163c                TIM8_TRG_COM_IRQHandler
                0x000000000800163c                TIM8_CC_IRQHandler
                0x000000000800163c                SPI4_IRQHandler
                0x000000000800163c                TIM1_CC_IRQHandler
                0x000000000800163c                USB_HP_IRQHandler
                0x000000000800163c                PVD_IRQHandler
                0x000000000800163c                TAMP_STAMP_IRQHandler
                0x000000000800163c                EXTI3_IRQHandler
                0x000000000800163c                I2C3_ER_IRQHandler
                0x000000000800163c                USB_HP_CAN_TX_IRQHandler
                0x000000000800163c                EXTI0_IRQHandler
                0x000000000800163c                I2C2_EV_IRQHandler
                0x000000000800163c                FPU_IRQHandler
                0x000000000800163c                TIM1_UP_TIM16_IRQHandler
                0x000000000800163c                ADC1_2_IRQHandler
                0x000000000800163c                SPI1_IRQHandler
                0x000000000800163c                CAN_SCE_IRQHandler
                0x000000000800163c                TIM6_DAC_IRQHandler
                0x000000000800163c                TIM8_UP_IRQHandler
                0x000000000800163c                DMA2_Channel2_IRQHandler
                0x000000000800163c                DMA1_Channel4_IRQHandler
                0x000000000800163c                TIM20_TRG_COM_IRQHandler
                0x000000000800163c                USART3_IRQHandler
                0x000000000800163c                DMA1_Channel7_IRQHandler
                0x000000000800163c                UART5_IRQHandler
                0x000000000800163c                ADC3_IRQHandler
                0x000000000800163c                TIM4_IRQHandler
                0x000000000800163c                CAN_RX1_IRQHandler
                0x000000000800163c                DMA2_Channel1_IRQHandler
                0x000000000800163c                I2C1_EV_IRQHandler
                0x000000000800163c                DMA1_Channel6_IRQHandler
                0x000000000800163c                UART4_IRQHandler
                0x000000000800163c                DMA2_Channel4_IRQHandler
                0x000000000800163c                TIM3_IRQHandler
                0x000000000800163c                RCC_IRQHandler
                0x000000000800163c                TIM20_UP_IRQHandler
                0x000000000800163c                DMA1_Channel1_IRQHandler
                0x000000000800163c                Default_Handler
                0x000000000800163c                USBWakeUp_RMP_IRQHandler
                0x000000000800163c                EXTI15_10_IRQHandler
                0x000000000800163c                TIM7_IRQHandler
                0x000000000800163c                I2C3_EV_IRQHandler
                0x000000000800163c                EXTI9_5_IRQHandler
                0x000000000800163c                RTC_WKUP_IRQHandler
                0x000000000800163c                SPI2_IRQHandler
                0x000000000800163c                USB_LP_CAN_RX0_IRQHandler
                0x000000000800163c                DMA2_Channel5_IRQHandler
                0x000000000800163c                DMA1_Channel5_IRQHandler
                0x000000000800163c                USB_LP_IRQHandler
                0x000000000800163c                EXTI4_IRQHandler
                0x000000000800163c                TIM1_TRG_COM_TIM17_IRQHandler
                0x000000000800163c                DMA1_Channel3_IRQHandler
                0x000000000800163c                ADC4_IRQHandler
                0x000000000800163c                WWDG_IRQHandler
                0x000000000800163c                TIM2_IRQHandler
                0x000000000800163c                COMP7_IRQHandler
                0x000000000800163c                COMP1_2_3_IRQHandler
                0x000000000800163c                EXTI1_IRQHandler
                0x000000000800163c                USART2_IRQHandler
                0x000000000800163c                COMP4_5_6_IRQHandler
                0x000000000800163c                TIM20_BRK_IRQHandler
                0x000000000800163c                I2C2_ER_IRQHandler
                0x000000000800163c                DMA1_Channel2_IRQHandler
                0x000000000800163c                TIM8_BRK_IRQHandler
                0x000000000800163c                FLASH_IRQHandler
                0x000000000800163c                TIM20_CC_IRQHandler
                0x000000000800163c                USART1_IRQHandler
                0x000000000800163c                SPI3_IRQHandler
                0x000000000800163c                I2C1_ER_IRQHandler
                0x000000000800163c                FMC_IRQHandler
                0x000000000800163c                USBWakeUp_IRQHandler
                0x000000000800163c                DMA2_Channel3_IRQHandler
                0x000000000800163c                EXTI2_TSC_IRQHandler
                0x000000000800163c                RTC_Alarm_IRQHandler
 *fill*         0x000000000800163e        0x2 
 .text.HAL_Init
                0x0000000008001640       0x2c Drivers/STM32F3xx_HAL_Driver/Src/stm32f3xx_hal.o
                0x0000000008001640                HAL_Init
 .text.HAL_InitTick
                0x000000000800166c       0x60 Drivers/STM32F3xx_HAL_Driver/Src/stm32f3xx_hal.o
                0x000000000800166c                HAL_InitTick
 .text.HAL_IncTick
                0x00000000080016cc       0x28 Drivers/STM32F3xx_HAL_Driver/Src/stm32f3xx_hal.o
                0x00000000080016cc                HAL_IncTick
 .text.HAL_GetTick
                0x00000000080016f4       0x18 Drivers/STM32F3xx_HAL_Driver/Src/stm32f3xx_hal.o
                0x00000000080016f4                HAL_GetTick
 .text.HAL_Delay
                0x000000000800170c       0x48 Drivers/STM32F3xx_HAL_Driver/Src/stm32f3xx_hal.o
                0x000000000800170c                HAL_Delay
 .text.__NVIC_SetPriorityGrouping
                0x0000000008001754       0x48 Drivers/STM32F3xx_HAL_Driver/Src/stm32f3xx_hal_cortex.o
 .text.__NVIC_GetPriorityGrouping
                0x000000000800179c       0x1c Drivers/STM32F3xx_HAL_Driver/Src/stm32f3xx_hal_cortex.o
 .text.__NVIC_SetPriority
                0x00000000080017b8       0x54 Drivers/STM32F3xx_HAL_Driver/Src/stm32f3xx_hal_cortex.o
 .text.NVIC_EncodePriority
                0x000000000800180c       0x66 Drivers/STM32F3xx_HAL_Driver/Src/stm32f3xx_hal_cortex.o
 *fill*         0x0000000008001872        0x2 
 .text.SysTick_Config
                0x0000000008001874       0x44 Drivers/STM32F3xx_HAL_Driver/Src/stm32f3xx_hal_cortex.o
 .text.HAL_NVIC_SetPriorityGrouping
                0x00000000080018b8       0x16 Drivers/STM32F3xx_HAL_Driver/Src/stm32f3xx_hal_cortex.o
                0x00000000080018b8                HAL_NVIC_SetPriorityGrouping
 .text.HAL_NVIC_SetPriority
                0x00000000080018ce       0x38 Drivers/STM32F3xx_HAL_Driver/Src/stm32f3xx_hal_cortex.o
                0x00000000080018ce                HAL_NVIC_SetPriority
 .text.HAL_SYSTICK_Config
                0x0000000008001906       0x18 Drivers/STM32F3xx_HAL_Driver/Src/stm32f3xx_hal_cortex.o
                0x0000000008001906                HAL_SYSTICK_Config
 *fill*         0x000000000800191e        0x2 
 .text.HAL_GPIO_Init
                0x0000000008001920      0x314 Drivers/STM32F3xx_HAL_Driver/Src/stm32f3xx_hal_gpio.o
                0x0000000008001920                HAL_GPIO_Init
 .text.HAL_GPIO_ReadPin
                0x0000000008001c34       0x30 Drivers/STM32F3xx_HAL_Driver/Src/stm32f3xx_hal_gpio.o
                0x0000000008001c34                HAL_GPIO_ReadPin
 .text.HAL_GPIO_WritePin
                0x0000000008001c64       0x30 Drivers/STM32F3xx_HAL_Driver/Src/stm32f3xx_hal_gpio.o
                0x0000000008001c64                HAL_GPIO_WritePin
 .text.HAL_RCC_OscConfig
                0x0000000008001c94      0xe2c Drivers/STM32F3xx_HAL_Driver/Src/stm32f3xx_hal_rcc.o
                0x0000000008001c94                HAL_RCC_OscConfig
 .text.HAL_RCC_ClockConfig
                0x0000000008002ac0      0x2f8 Drivers/STM32F3xx_HAL_Driver/Src/stm32f3xx_hal_rcc.o
                0x0000000008002ac0                HAL_RCC_ClockConfig
 .text.HAL_RCC_EnableCSS
                0x0000000008002db8       0x38 Drivers/STM32F3xx_HAL_Driver/Src/stm32f3xx_hal_rcc.o
                0x0000000008002db8                HAL_RCC_EnableCSS
 .text.HAL_RCC_GetSysClockFreq
                0x0000000008002df0       0xd4 Drivers/STM32F3xx_HAL_Driver/Src/stm32f3xx_hal_rcc.o
                0x0000000008002df0                HAL_RCC_GetSysClockFreq
 .text.HAL_RCC_NMI_IRQHandler
                0x0000000008002ec4       0x28 Drivers/STM32F3xx_HAL_Driver/Src/stm32f3xx_hal_rcc.o
                0x0000000008002ec4                HAL_RCC_NMI_IRQHandler
 .text.HAL_RCC_CSSCallback
                0x0000000008002eec        0xe Drivers/STM32F3xx_HAL_Driver/Src/stm32f3xx_hal_rcc.o
                0x0000000008002eec                HAL_RCC_CSSCallback
 *fill*         0x0000000008002efa        0x2 
 .text.__libc_init_array
                0x0000000008002efc       0x48 /Applications/STM32CubeIDE.app/Contents/Eclipse/plugins/com.st.stm32cube.ide.mcu.externaltools.gnu-tools-for-stm32.9-2020-q2-update.macos64_1.5.0.202011040924/tools/bin/../lib/gcc/arm-none-eabi/9.3.1/../../../../arm-none-eabi/lib/thumb/v7e-m+fp/hard/libc_nano.a(lib_a-init.o)
                0x0000000008002efc                __libc_init_array
 .text.memset   0x0000000008002f44       0x10 /Applications/STM32CubeIDE.app/Contents/Eclipse/plugins/com.st.stm32cube.ide.mcu.externaltools.gnu-tools-for-stm32.9-2020-q2-update.macos64_1.5.0.202011040924/tools/bin/../lib/gcc/arm-none-eabi/9.3.1/../../../../arm-none-eabi/lib/thumb/v7e-m+fp/hard/libc_nano.a(lib_a-memset.o)
                0x0000000008002f44                memset
 *(.glue_7)
 .glue_7        0x0000000008002f54        0x0 linker stubs
 *(.glue_7t)
 .glue_7t       0x0000000008002f54        0x0 linker stubs
 *(.eh_frame)
 .eh_frame      0x0000000008002f54        0x0 /Applications/STM32CubeIDE.app/Contents/Eclipse/plugins/com.st.stm32cube.ide.mcu.externaltools.gnu-tools-for-stm32.9-2020-q2-update.macos64_1.5.0.202011040924/tools/bin/../lib/gcc/arm-none-eabi/9.3.1/thumb/v7e-m+fp/hard/crtbegin.o
 *(.init)
 .init          0x0000000008002f54        0x4 /Applications/STM32CubeIDE.app/Contents/Eclipse/plugins/com.st.stm32cube.ide.mcu.externaltools.gnu-tools-for-stm32.9-2020-q2-update.macos64_1.5.0.202011040924/tools/bin/../lib/gcc/arm-none-eabi/9.3.1/thumb/v7e-m+fp/hard/crti.o
                0x0000000008002f54                _init
 .init          0x0000000008002f58        0x8 /Applications/STM32CubeIDE.app/Contents/Eclipse/plugins/com.st.stm32cube.ide.mcu.externaltools.gnu-tools-for-stm32.9-2020-q2-update.macos64_1.5.0.202011040924/tools/bin/../lib/gcc/arm-none-eabi/9.3.1/thumb/v7e-m+fp/hard/crtn.o
 *(.fini)
 .fini          0x0000000008002f60        0x4 /Applications/STM32CubeIDE.app/Contents/Eclipse/plugins/com.st.stm32cube.ide.mcu.externaltools.gnu-tools-for-stm32.9-2020-q2-update.macos64_1.5.0.202011040924/tools/bin/../lib/gcc/arm-none-eabi/9.3.1/thumb/v7e-m+fp/hard/crti.o
                0x0000000008002f60                _fini
 .fini          0x0000000008002f64        0x8 /Applications/STM32CubeIDE.app/Contents/Eclipse/plugins/com.st.stm32cube.ide.mcu.externaltools.gnu-tools-for-stm32.9-2020-q2-update.macos64_1.5.0.202011040924/tools/bin/../lib/gcc/arm-none-eabi/9.3.1/thumb/v7e-m+fp/hard/crtn.o
                0x0000000008002f6c                . = ALIGN (0x4)
                0x0000000008002f6c                _etext = .

.vfp11_veneer   0x0000000008002f6c        0x0
 .vfp11_veneer  0x0000000008002f6c        0x0 linker stubs

.v4_bx          0x0000000008002f6c        0x0
 .v4_bx         0x0000000008002f6c        0x0 linker stubs

.iplt           0x0000000008002f6c        0x0
 .iplt          0x0000000008002f6c        0x0 /Applications/STM32CubeIDE.app/Contents/Eclipse/plugins/com.st.stm32cube.ide.mcu.externaltools.gnu-tools-for-stm32.9-2020-q2-update.macos64_1.5.0.202011040924/tools/bin/../lib/gcc/arm-none-eabi/9.3.1/thumb/v7e-m+fp/hard/crtbegin.o

.rodata         0x0000000008002f6c      0x21c
                0x0000000008002f6c                . = ALIGN (0x4)
 *(.rodata)
 .rodata        0x0000000008002f6c      0x1e9 Core/Src/main.o
 *(.rodata*)
 *fill*         0x0000000008003155        0x3 
 .rodata.AHBPrescTable
                0x0000000008003158       0x10 Core/Src/system_stm32f3xx.o
                0x0000000008003158                AHBPrescTable
 .rodata.aPLLMULFactorTable
                0x0000000008003168       0x10 Drivers/STM32F3xx_HAL_Driver/Src/stm32f3xx_hal_rcc.o
                0x0000000008003168                aPLLMULFactorTable
 .rodata.aPredivFactorTable
                0x0000000008003178       0x10 Drivers/STM32F3xx_HAL_Driver/Src/stm32f3xx_hal_rcc.o
                0x0000000008003178                aPredivFactorTable
                0x0000000008003188                . = ALIGN (0x4)

.rel.dyn        0x0000000008003188        0x0
 .rel.iplt      0x0000000008003188        0x0 /Applications/STM32CubeIDE.app/Contents/Eclipse/plugins/com.st.stm32cube.ide.mcu.externaltools.gnu-tools-for-stm32.9-2020-q2-update.macos64_1.5.0.202011040924/tools/bin/../lib/gcc/arm-none-eabi/9.3.1/thumb/v7e-m+fp/hard/crtbegin.o

.ARM.extab      0x0000000008003188        0x0
                0x0000000008003188                . = ALIGN (0x4)
 *(.ARM.extab* .gnu.linkonce.armextab.*)
                0x0000000008003188                . = ALIGN (0x4)

.ARM            0x0000000008003188        0x0
                0x0000000008003188                . = ALIGN (0x4)
                0x0000000008003188                __exidx_start = .
 *(.ARM.exidx*)
                0x0000000008003188                __exidx_end = .
                0x0000000008003188                . = ALIGN (0x4)

.preinit_array  0x0000000008003188        0x0
                0x0000000008003188                . = ALIGN (0x4)
                0x0000000008003188                PROVIDE (__preinit_array_start = .)
 *(.preinit_array*)
                0x0000000008003188                PROVIDE (__preinit_array_end = .)
                0x0000000008003188                . = ALIGN (0x4)

.init_array     0x0000000008003188        0x4
                0x0000000008003188                . = ALIGN (0x4)
                0x0000000008003188                PROVIDE (__init_array_start = .)
 *(SORT_BY_NAME(.init_array.*))
 *(.init_array*)
 .init_array    0x0000000008003188        0x4 /Applications/STM32CubeIDE.app/Contents/Eclipse/plugins/com.st.stm32cube.ide.mcu.externaltools.gnu-tools-for-stm32.9-2020-q2-update.macos64_1.5.0.202011040924/tools/bin/../lib/gcc/arm-none-eabi/9.3.1/thumb/v7e-m+fp/hard/crtbegin.o
                0x000000000800318c                PROVIDE (__init_array_end = .)
                0x000000000800318c                . = ALIGN (0x4)

.fini_array     0x000000000800318c        0x4
                0x000000000800318c                . = ALIGN (0x4)
                [!provide]                        PROVIDE (__fini_array_start = .)
 *(SORT_BY_NAME(.fini_array.*))
 *(.fini_array*)
 .fini_array    0x000000000800318c        0x4 /Applications/STM32CubeIDE.app/Contents/Eclipse/plugins/com.st.stm32cube.ide.mcu.externaltools.gnu-tools-for-stm32.9-2020-q2-update.macos64_1.5.0.202011040924/tools/bin/../lib/gcc/arm-none-eabi/9.3.1/thumb/v7e-m+fp/hard/crtbegin.o
                [!provide]                        PROVIDE (__fini_array_end = .)
                0x0000000008003190                . = ALIGN (0x4)
                0x0000000008003190                _sidata = LOADADDR (.data)

.data           0x0000000020000000        0xc load address 0x0000000008003190
                0x0000000020000000                . = ALIGN (0x4)
                0x0000000020000000                _sdata = .
 *(.data)
 *(.data*)
 .data.SystemCoreClock
                0x0000000020000000        0x4 Core/Src/system_stm32f3xx.o
                0x0000000020000000                SystemCoreClock
 .data.uwTickPrio
                0x0000000020000004        0x4 Drivers/STM32F3xx_HAL_Driver/Src/stm32f3xx_hal.o
                0x0000000020000004                uwTickPrio
 .data.uwTickFreq
                0x0000000020000008        0x1 Drivers/STM32F3xx_HAL_Driver/Src/stm32f3xx_hal.o
                0x0000000020000008                uwTickFreq
 *(.RamFunc)
 *(.RamFunc*)
                0x000000002000000c                . = ALIGN (0x4)
 *fill*         0x0000000020000009        0x3 
                0x000000002000000c                _edata = .

.igot.plt       0x000000002000000c        0x0 load address 0x000000000800319c
 .igot.plt      0x000000002000000c        0x0 /Applications/STM32CubeIDE.app/Contents/Eclipse/plugins/com.st.stm32cube.ide.mcu.externaltools.gnu-tools-for-stm32.9-2020-q2-update.macos64_1.5.0.202011040924/tools/bin/../lib/gcc/arm-none-eabi/9.3.1/thumb/v7e-m+fp/hard/crtbegin.o
                0x000000002000000c                . = ALIGN (0x4)

.bss            0x000000002000000c       0x20 load address 0x000000000800319c
                0x000000002000000c                _sbss = .
                0x000000002000000c                __bss_start__ = _sbss
 *(.bss)
 .bss           0x000000002000000c       0x1c /Applications/STM32CubeIDE.app/Contents/Eclipse/plugins/com.st.stm32cube.ide.mcu.externaltools.gnu-tools-for-stm32.9-2020-q2-update.macos64_1.5.0.202011040924/tools/bin/../lib/gcc/arm-none-eabi/9.3.1/thumb/v7e-m+fp/hard/crtbegin.o
 *(.bss*)
 *(COMMON)
 COMMON         0x0000000020000028        0x4 Drivers/STM32F3xx_HAL_Driver/Src/stm32f3xx_hal.o
                0x0000000020000028                uwTick
                0x000000002000002c                . = ALIGN (0x4)
                0x000000002000002c                _ebss = .
                0x000000002000002c                __bss_end__ = _ebss

._user_heap_stack
                0x000000002000002c      0x604 load address 0x000000000800319c
                0x0000000020000030                . = ALIGN (0x8)
 *fill*         0x000000002000002c        0x4 
                [!provide]                        PROVIDE (end = .)
                0x0000000020000030                PROVIDE (_end = .)
                0x0000000020000230                . = (. + _Min_Heap_Size)
 *fill*         0x0000000020000030      0x200 
                0x0000000020000630                . = (. + _Min_Stack_Size)
 *fill*         0x0000000020000230      0x400 
                0x0000000020000630                . = ALIGN (0x8)

/DISCARD/
 libc.a(*)
 libm.a(*)
 libgcc.a(*)

.ARM.attributes
                0x0000000000000000       0x30
 *(.ARM.attributes)
 .ARM.attributes
                0x0000000000000000       0x1e /Applications/STM32CubeIDE.app/Contents/Eclipse/plugins/com.st.stm32cube.ide.mcu.externaltools.gnu-tools-for-stm32.9-2020-q2-update.macos64_1.5.0.202011040924/tools/bin/../lib/gcc/arm-none-eabi/9.3.1/thumb/v7e-m+fp/hard/crti.o
 .ARM.attributes
                0x000000000000001e       0x34 /Applications/STM32CubeIDE.app/Contents/Eclipse/plugins/com.st.stm32cube.ide.mcu.externaltools.gnu-tools-for-stm32.9-2020-q2-update.macos64_1.5.0.202011040924/tools/bin/../lib/gcc/arm-none-eabi/9.3.1/thumb/v7e-m+fp/hard/crtbegin.o
 .ARM.attributes
                0x0000000000000052       0x34 Core/Src/main.o
 .ARM.attributes
                0x0000000000000086       0x34 Core/Src/stm32f3xx_hal_msp.o
 .ARM.attributes
                0x00000000000000ba       0x34 Core/Src/stm32f3xx_it.o
 .ARM.attributes
                0x00000000000000ee       0x34 Core/Src/system_stm32f3xx.o
 .ARM.attributes
                0x0000000000000122       0x21 Core/Startup/startup_stm32f303retx.o
 .ARM.attributes
                0x0000000000000143       0x34 Drivers/STM32F3xx_HAL_Driver/Src/stm32f3xx_hal.o
 .ARM.attributes
                0x0000000000000177       0x34 Drivers/STM32F3xx_HAL_Driver/Src/stm32f3xx_hal_cortex.o
 .ARM.attributes
                0x00000000000001ab       0x34 Drivers/STM32F3xx_HAL_Driver/Src/stm32f3xx_hal_gpio.o
 .ARM.attributes
                0x00000000000001df       0x34 Drivers/STM32F3xx_HAL_Driver/Src/stm32f3xx_hal_rcc.o
 .ARM.attributes
                0x0000000000000213       0x34 /Applications/STM32CubeIDE.app/Contents/Eclipse/plugins/com.st.stm32cube.ide.mcu.externaltools.gnu-tools-for-stm32.9-2020-q2-update.macos64_1.5.0.202011040924/tools/bin/../lib/gcc/arm-none-eabi/9.3.1/../../../../arm-none-eabi/lib/thumb/v7e-m+fp/hard/libc_nano.a(lib_a-init.o)
 .ARM.attributes
                0x0000000000000247       0x34 /Applications/STM32CubeIDE.app/Contents/Eclipse/plugins/com.st.stm32cube.ide.mcu.externaltools.gnu-tools-for-stm32.9-2020-q2-update.macos64_1.5.0.202011040924/tools/bin/../lib/gcc/arm-none-eabi/9.3.1/../../../../arm-none-eabi/lib/thumb/v7e-m+fp/hard/libc_nano.a(lib_a-memset.o)
 .ARM.attributes
                0x000000000000027b       0x1e /Applications/STM32CubeIDE.app/Contents/Eclipse/plugins/com.st.stm32cube.ide.mcu.externaltools.gnu-tools-for-stm32.9-2020-q2-update.macos64_1.5.0.202011040924/tools/bin/../lib/gcc/arm-none-eabi/9.3.1/thumb/v7e-m+fp/hard/crtn.o
OUTPUT(PasswordDoorLockSystem.elf elf32-littlearm)
LOAD linker stubs
LOAD /Applications/STM32CubeIDE.app/Contents/Eclipse/plugins/com.st.stm32cube.ide.mcu.externaltools.gnu-tools-for-stm32.9-2020-q2-update.macos64_1.5.0.202011040924/tools/bin/../lib/gcc/arm-none-eabi/9.3.1/../../../../arm-none-eabi/lib/thumb/v7e-m+fp/hard/libc.a
LOAD /Applications/STM32CubeIDE.app/Contents/Eclipse/plugins/com.st.stm32cube.ide.mcu.externaltools.gnu-tools-for-stm32.9-2020-q2-update.macos64_1.5.0.202011040924/tools/bin/../lib/gcc/arm-none-eabi/9.3.1/../../../../arm-none-eabi/lib/thumb/v7e-m+fp/hard/libm.a
LOAD /Applications/STM32CubeIDE.app/Contents/Eclipse/plugins/com.st.stm32cube.ide.mcu.externaltools.gnu-tools-for-stm32.9-2020-q2-update.macos64_1.5.0.202011040924/tools/bin/../lib/gcc/arm-none-eabi/9.3.1/thumb/v7e-m+fp/hard/libgcc.a

.debug_info     0x0000000000000000     0x51b4
 .debug_info    0x0000000000000000     0x1356 Core/Src/main.o
 .debug_info    0x0000000000001356      0x299 Core/Src/stm32f3xx_hal_msp.o
 .debug_info    0x00000000000015ef      0x225 Core/Src/stm32f3xx_it.o
 .debug_info    0x0000000000001814      0x49a Core/Src/system_stm32f3xx.o
 .debug_info    0x0000000000001cae       0x22 Core/Startup/startup_stm32f303retx.o
 .debug_info    0x0000000000001cd0      0x86d Drivers/STM32F3xx_HAL_Driver/Src/stm32f3xx_hal.o
 .debug_info    0x000000000000253d      0xe74 Drivers/STM32F3xx_HAL_Driver/Src/stm32f3xx_hal_cortex.o
 .debug_info    0x00000000000033b1      0x83d Drivers/STM32F3xx_HAL_Driver/Src/stm32f3xx_hal_gpio.o
 .debug_info    0x0000000000003bee     0x15c6 Drivers/STM32F3xx_HAL_Driver/Src/stm32f3xx_hal_rcc.o

.debug_abbrev   0x0000000000000000     0x1041
 .debug_abbrev  0x0000000000000000      0x326 Core/Src/main.o
 .debug_abbrev  0x0000000000000326      0x11d Core/Src/stm32f3xx_hal_msp.o
 .debug_abbrev  0x0000000000000443       0xd2 Core/Src/stm32f3xx_it.o
 .debug_abbrev  0x0000000000000515      0x145 Core/Src/system_stm32f3xx.o
 .debug_abbrev  0x000000000000065a       0x12 Core/Startup/startup_stm32f303retx.o
 .debug_abbrev  0x000000000000066c      0x1ed Drivers/STM32F3xx_HAL_Driver/Src/stm32f3xx_hal.o
 .debug_abbrev  0x0000000000000859      0x33c Drivers/STM32F3xx_HAL_Driver/Src/stm32f3xx_hal_cortex.o
 .debug_abbrev  0x0000000000000b95      0x1e8 Drivers/STM32F3xx_HAL_Driver/Src/stm32f3xx_hal_gpio.o
 .debug_abbrev  0x0000000000000d7d      0x2c4 Drivers/STM32F3xx_HAL_Driver/Src/stm32f3xx_hal_rcc.o

.debug_aranges  0x0000000000000000      0x438
 .debug_aranges
                0x0000000000000000       0x90 Core/Src/main.o
 .debug_aranges
                0x0000000000000090       0x20 Core/Src/stm32f3xx_hal_msp.o
 .debug_aranges
                0x00000000000000b0       0x60 Core/Src/stm32f3xx_it.o
 .debug_aranges
                0x0000000000000110       0x28 Core/Src/system_stm32f3xx.o
 .debug_aranges
                0x0000000000000138       0x28 Core/Startup/startup_stm32f303retx.o
 .debug_aranges
                0x0000000000000160       0xe0 Drivers/STM32F3xx_HAL_Driver/Src/stm32f3xx_hal.o
 .debug_aranges
                0x0000000000000240      0x118 Drivers/STM32F3xx_HAL_Driver/Src/stm32f3xx_hal_cortex.o
 .debug_aranges
                0x0000000000000358       0x58 Drivers/STM32F3xx_HAL_Driver/Src/stm32f3xx_hal_gpio.o
 .debug_aranges
                0x00000000000003b0       0x88 Drivers/STM32F3xx_HAL_Driver/Src/stm32f3xx_hal_rcc.o

.debug_ranges   0x0000000000000000      0x3b0
 .debug_ranges  0x0000000000000000       0x80 Core/Src/main.o
 .debug_ranges  0x0000000000000080       0x10 Core/Src/stm32f3xx_hal_msp.o
 .debug_ranges  0x0000000000000090       0x50 Core/Src/stm32f3xx_it.o
 .debug_ranges  0x00000000000000e0       0x18 Core/Src/system_stm32f3xx.o
 .debug_ranges  0x00000000000000f8       0x20 Core/Startup/startup_stm32f303retx.o
 .debug_ranges  0x0000000000000118       0xd0 Drivers/STM32F3xx_HAL_Driver/Src/stm32f3xx_hal.o
 .debug_ranges  0x00000000000001e8      0x108 Drivers/STM32F3xx_HAL_Driver/Src/stm32f3xx_hal_cortex.o
 .debug_ranges  0x00000000000002f0       0x48 Drivers/STM32F3xx_HAL_Driver/Src/stm32f3xx_hal_gpio.o
 .debug_ranges  0x0000000000000338       0x78 Drivers/STM32F3xx_HAL_Driver/Src/stm32f3xx_hal_rcc.o

.debug_macro    0x0000000000000000    0x1f013
 .debug_macro   0x0000000000000000      0x387 Core/Src/main.o
 .debug_macro   0x0000000000000387      0xaa8 Core/Src/main.o
 .debug_macro   0x0000000000000e2f      0x14b Core/Src/main.o
 .debug_macro   0x0000000000000f7a       0x2e Core/Src/main.o
 .debug_macro   0x0000000000000fa8       0x28 Core/Src/main.o
 .debug_macro   0x0000000000000fd0       0x22 Core/Src/main.o
 .debug_macro   0x0000000000000ff2       0x8e Core/Src/main.o
 .debug_macro   0x0000000000001080       0x51 Core/Src/main.o
 .debug_macro   0x00000000000010d1      0x103 Core/Src/main.o
 .debug_macro   0x00000000000011d4       0x6a Core/Src/main.o
 .debug_macro   0x000000000000123e      0x1df Core/Src/main.o
 .debug_macro   0x000000000000141d       0x1c Core/Src/main.o
 .debug_macro   0x0000000000001439       0x22 Core/Src/main.o
 .debug_macro   0x000000000000145b       0xdf Core/Src/main.o
 .debug_macro   0x000000000000153a     0x102d Core/Src/main.o
 .debug_macro   0x0000000000002567      0x11f Core/Src/main.o
 .debug_macro   0x0000000000002686    0x15353 Core/Src/main.o
 .debug_macro   0x00000000000179d9       0x43 Core/Src/main.o
 .debug_macro   0x0000000000017a1c     0x35e9 Core/Src/main.o
 .debug_macro   0x000000000001b005      0x174 Core/Src/main.o
 .debug_macro   0x000000000001b179       0x55 Core/Src/main.o
 .debug_macro   0x000000000001b1ce      0x954 Core/Src/main.o
 .debug_macro   0x000000000001bb22      0x84a Core/Src/main.o
 .debug_macro   0x000000000001c36c      0x12f Core/Src/main.o
 .debug_macro   0x000000000001c49b      0x23a Core/Src/main.o
 .debug_macro   0x000000000001c6d5      0x1ea Core/Src/main.o
 .debug_macro   0x000000000001c8bf      0x1bc Core/Src/main.o
 .debug_macro   0x000000000001ca7b       0x30 Core/Src/main.o
 .debug_macro   0x000000000001caab       0x3c Core/Src/main.o
 .debug_macro   0x000000000001cae7      0x236 Core/Src/main.o
 .debug_macro   0x000000000001cd1d       0xc5 Core/Src/main.o
 .debug_macro   0x000000000001cde2      0x21d Core/Src/main.o
 .debug_macro   0x000000000001cfff      0x22c Core/Src/main.o
 .debug_macro   0x000000000001d22b       0x5b Core/Src/main.o
 .debug_macro   0x000000000001d286       0xa5 Core/Src/main.o
 .debug_macro   0x000000000001d32b       0x81 Core/Src/main.o
 .debug_macro   0x000000000001d3ac       0xd3 Core/Src/main.o
 .debug_macro   0x000000000001d47f      0x347 Core/Src/main.o
 .debug_macro   0x000000000001d7c6       0xc4 Core/Src/main.o
 .debug_macro   0x000000000001d88a       0x52 Core/Src/main.o
 .debug_macro   0x000000000001d8dc       0x18 Core/Src/main.o
 .debug_macro   0x000000000001d8f4       0x3c Core/Src/main.o
 .debug_macro   0x000000000001d930       0x34 Core/Src/main.o
 .debug_macro   0x000000000001d964       0x16 Core/Src/main.o
 .debug_macro   0x000000000001d97a       0x35 Core/Src/main.o
 .debug_macro   0x000000000001d9af      0x333 Core/Src/main.o
 .debug_macro   0x000000000001dce2       0x10 Core/Src/main.o
 .debug_macro   0x000000000001dcf2       0x16 Core/Src/main.o
 .debug_macro   0x000000000001dd08       0x43 Core/Src/main.o
 .debug_macro   0x000000000001dd4b       0x34 Core/Src/main.o
 .debug_macro   0x000000000001dd7f       0x10 Core/Src/main.o
 .debug_macro   0x000000000001dd8f       0x58 Core/Src/main.o
 .debug_macro   0x000000000001dde7       0x71 Core/Src/main.o
 .debug_macro   0x000000000001de58       0x1c Core/Src/main.o
 .debug_macro   0x000000000001de74      0x12a Core/Src/main.o
 .debug_macro   0x000000000001df9e       0x10 Core/Src/main.o
 .debug_macro   0x000000000001dfae       0x1c Core/Src/main.o
 .debug_macro   0x000000000001dfca       0x52 Core/Src/main.o
 .debug_macro   0x000000000001e01c       0x22 Core/Src/main.o
 .debug_macro   0x000000000001e03e       0x10 Core/Src/main.o
 .debug_macro   0x000000000001e04e       0x40 Core/Src/main.o
 .debug_macro   0x000000000001e08e       0xd5 Core/Src/main.o
 .debug_macro   0x000000000001e163       0x1c Core/Src/main.o
 .debug_macro   0x000000000001e17f       0x3d Core/Src/main.o
 .debug_macro   0x000000000001e1bc       0x16 Core/Src/main.o
 .debug_macro   0x000000000001e1d2      0x145 Core/Src/main.o
 .debug_macro   0x000000000001e317       0x16 Core/Src/main.o
 .debug_macro   0x000000000001e32d       0x16 Core/Src/main.o
 .debug_macro   0x000000000001e343       0x29 Core/Src/main.o
 .debug_macro   0x000000000001e36c       0x16 Core/Src/main.o
 .debug_macro   0x000000000001e382       0x20 Core/Src/main.o
 .debug_macro   0x000000000001e3a2      0x1be Core/Src/stm32f3xx_hal_msp.o
 .debug_macro   0x000000000001e560      0x1c8 Core/Src/stm32f3xx_it.o
 .debug_macro   0x000000000001e728      0x1af Core/Src/system_stm32f3xx.o
 .debug_macro   0x000000000001e8d7      0x1d3 Drivers/STM32F3xx_HAL_Driver/Src/stm32f3xx_hal.o
 .debug_macro   0x000000000001eaaa      0x1af Drivers/STM32F3xx_HAL_Driver/Src/stm32f3xx_hal_cortex.o
 .debug_macro   0x000000000001ec59      0x1e7 Drivers/STM32F3xx_HAL_Driver/Src/stm32f3xx_hal_gpio.o
 .debug_macro   0x000000000001ee40      0x1d3 Drivers/STM32F3xx_HAL_Driver/Src/stm32f3xx_hal_rcc.o

.debug_line     0x0000000000000000     0x5c6c
 .debug_line    0x0000000000000000     0x127c Core/Src/main.o
 .debug_line    0x000000000000127c      0x6bf Core/Src/stm32f3xx_hal_msp.o
 .debug_line    0x000000000000193b      0x783 Core/Src/stm32f3xx_it.o
 .debug_line    0x00000000000020be      0x739 Core/Src/system_stm32f3xx.o
 .debug_line    0x00000000000027f7       0x88 Core/Startup/startup_stm32f303retx.o
 .debug_line    0x000000000000287f      0x969 Drivers/STM32F3xx_HAL_Driver/Src/stm32f3xx_hal.o
 .debug_line    0x00000000000031e8      0xc2e Drivers/STM32F3xx_HAL_Driver/Src/stm32f3xx_hal_cortex.o
 .debug_line    0x0000000000003e16      0xafc Drivers/STM32F3xx_HAL_Driver/Src/stm32f3xx_hal_gpio.o
 .debug_line    0x0000000000004912     0x135a Drivers/STM32F3xx_HAL_Driver/Src/stm32f3xx_hal_rcc.o

.debug_str      0x0000000000000000    0xbb1de
 .debug_str     0x0000000000000000    0xba04f Core/Src/main.o
                                      0xba7b2 (size before relaxing)
 .debug_str     0x00000000000ba04f       0x2c Core/Src/stm32f3xx_hal_msp.o
                                      0xb6264 (size before relaxing)
 .debug_str     0x00000000000ba07b       0xbd Core/Src/stm32f3xx_it.o
                                      0xb629b (size before relaxing)
 .debug_str     0x00000000000ba138       0xbd Core/Src/system_stm32f3xx.o
                                      0xb606b (size before relaxing)
 .debug_str     0x00000000000ba1f5       0x36 Core/Startup/startup_stm32f303retx.o
                                         0x73 (size before relaxing)
 .debug_str     0x00000000000ba22b      0x663 Drivers/STM32F3xx_HAL_Driver/Src/stm32f3xx_hal.o
                                      0xb6872 (size before relaxing)
 .debug_str     0x00000000000ba88e      0x3cc Drivers/STM32F3xx_HAL_Driver/Src/stm32f3xx_hal_cortex.o
                                      0xb6980 (size before relaxing)
 .debug_str     0x00000000000bac5a      0x288 Drivers/STM32F3xx_HAL_Driver/Src/stm32f3xx_hal_gpio.o
                                      0xb6349 (size before relaxing)
 .debug_str     0x00000000000baee2      0x2fc Drivers/STM32F3xx_HAL_Driver/Src/stm32f3xx_hal_rcc.o
                                      0xb64dd (size before relaxing)

.comment        0x0000000000000000       0x53
 .comment       0x0000000000000000       0x53 Core/Src/main.o
                                         0x54 (size before relaxing)
 .comment       0x0000000000000053       0x54 Core/Src/stm32f3xx_hal_msp.o
 .comment       0x0000000000000053       0x54 Core/Src/stm32f3xx_it.o
 .comment       0x0000000000000053       0x54 Core/Src/system_stm32f3xx.o
 .comment       0x0000000000000053       0x54 Drivers/STM32F3xx_HAL_Driver/Src/stm32f3xx_hal.o
 .comment       0x0000000000000053       0x54 Drivers/STM32F3xx_HAL_Driver/Src/stm32f3xx_hal_cortex.o
 .comment       0x0000000000000053       0x54 Drivers/STM32F3xx_HAL_Driver/Src/stm32f3xx_hal_gpio.o
 .comment       0x0000000000000053       0x54 Drivers/STM32F3xx_HAL_Driver/Src/stm32f3xx_hal_rcc.o

.debug_frame    0x0000000000000000      0xf20
 .debug_frame   0x0000000000000000      0x214 Core/Src/main.o
 .debug_frame   0x0000000000000214       0x34 Core/Src/stm32f3xx_hal_msp.o
 .debug_frame   0x0000000000000248      0x108 Core/Src/stm32f3xx_it.o
 .debug_frame   0x0000000000000350       0x58 Core/Src/system_stm32f3xx.o
 .debug_frame   0x00000000000003a8      0x334 Drivers/STM32F3xx_HAL_Driver/Src/stm32f3xx_hal.o
 .debug_frame   0x00000000000006dc      0x498 Drivers/STM32F3xx_HAL_Driver/Src/stm32f3xx_hal_cortex.o
 .debug_frame   0x0000000000000b74      0x14c Drivers/STM32F3xx_HAL_Driver/Src/stm32f3xx_hal_gpio.o
 .debug_frame   0x0000000000000cc0      0x214 Drivers/STM32F3xx_HAL_Driver/Src/stm32f3xx_hal_rcc.o
 .debug_frame   0x0000000000000ed4       0x2c /Applications/STM32CubeIDE.app/Contents/Eclipse/plugins/com.st.stm32cube.ide.mcu.externaltools.gnu-tools-for-stm32.9-2020-q2-update.macos64_1.5.0.202011040924/tools/bin/../lib/gcc/arm-none-eabi/9.3.1/../../../../arm-none-eabi/lib/thumb/v7e-m+fp/hard/libc_nano.a(lib_a-init.o)
 .debug_frame   0x0000000000000f00       0x20 /Applications/STM32CubeIDE.app/Contents/Eclipse/plugins/com.st.stm32cube.ide.mcu.externaltools.gnu-tools-for-stm32.9-2020-q2-update.macos64_1.5.0.202011040924/tools/bin/../lib/gcc/arm-none-eabi/9.3.1/../../../../arm-none-eabi/lib/thumb/v7e-m+fp/hard/libc_nano.a(lib_a-memset.o)
