main.c:88:5:main	104	static
main.c:720:6:SystemClock_Config	72	static
main.c:762:13:MX_GPIO_Init	48	static
main.c:823:6:delay_us	16	static
main.c:829:6:InitLCD	8	static
main.c:848:6:lcd_init_write	16	static
main.c:858:6:epulse	8	static
main.c:866:6:lcd_cmd	16	static
main.c:877:6:lcd_write_data	16	static
main.c:887:6:lcd_data	24	static
main.c:910:6:keypad_scanner	8	static
main.c:1020:6:Flash_Erase	16	static
main.c:1032:6:Flash_Write	16	static
main.c:1042:10:Flash_Read	24	static
main.c:1054:6:Error_Handler	4	static,ignoring_inline_asm
